// Jest Snapshot v1, https://goo.gl/fbAQLP

exports[`DOM render should show "sign In" view in the DOM 1`] = `
"
    <div>
      <img id=\\"snipple\\" src=\\"resources/garabato.png\\" alt=\\"logo\\" class=\\"link\\" data-action=\\"home\\">
      <hi1>Iniciar sesi칩n
      <form>
          <input type=\\"text\\" placeholder=\\"Tu correo electr칩nico\\">
          <input type=\\"password\\" placeholder=\\"Tu contrase침a\\">
          <button>Acceder</button>
      </form>
    </hi1></div>
    
    <div>
    <button>Iniciar sesi칩n con Google</button>
    </div>
    "
`;
